2026-09-11 14:55:35,222 [INFO] [*] Software closing... Saving final backup.
2026-09-11 14:55:35,335 [INFO] [OK] Backup Saved (closing_exit): d:\Jamal_POS  cofusz hone se pehly\daily_backups\excel_backups\excel_closing_exit_2026-09-11_02-55-PM.xlsx
2026-09-11 14:55:47,837 [INFO] [*] Software closing... Saving final backup.
2026-09-11 14:55:47,930 [INFO] [OK] Backup Saved (closing_exit): d:\Jamal_POS  cofusz hone se pehly\daily_backups\excel_backups\excel_closing_exit_2026-09-11_02-55-PM.xlsx
2026-09-11 14:56:03,695 [INFO] [*] Software closing... Saving final backup.
2026-09-11 14:56:03,778 [INFO] [OK] Backup Saved (closing_exit): d:\Jamal_POS  cofusz hone se pehly\daily_backups\excel_backups\excel_closing_exit_2026-09-11_02-56-PM.xlsx
2026-09-11 14:57:05,964 [INFO] [*] Software closing... Saving final backup.
2026-09-11 14:57:06,055 [INFO] [OK] Backup Saved (closing_exit): d:\Jamal_POS  cofusz hone se pehly\daily_backups\excel_backups\excel_closing_exit_2026-09-11_02-57-PM.xlsx
2026-09-11 14:57:37,569 [INFO] [*] Software closing... Saving final backup.
2026-09-11 14:57:37,655 [INFO] [OK] Backup Saved (closing_exit): d:\Jamal_POS  cofusz hone se pehly\daily_backups\excel_backups\excel_closing_exit_2026-09-11_02-57-PM.xlsx
2026-09-11 15:00:02,835 [INFO] [*] Software closing... Saving final backup.
2026-09-11 15:00:02,909 [INFO] [OK] Backup Saved (closing_exit): d:\Jamal_POS  cofusz hone se pehly\daily_backups\excel_backups\excel_closing_exit_2026-09-11_03-00-PM.xlsx
2026-09-11 15:00:21,306 [INFO] [*] Software closing... Saving final backup.
2026-09-11 15:00:21,399 [INFO] [OK] Backup Saved (closing_exit): d:\Jamal_POS  cofusz hone se pehly\daily_backups\excel_backups\excel_closing_exit_2026-09-11_03-00-PM.xlsx
2026-09-11 15:19:03,372 [INFO] [*] Software closing... Saving final backup.
2026-09-11 15:19:03,483 [INFO] [OK] Backup Saved (closing_exit): d:\Jamal_POS  cofusz hone se pehly\daily_backups\excel_backups\excel_closing_exit_2026-09-11_03-19-PM.xlsx
2026-09-11 15:24:26,364 [INFO] [*] Software closing... Saving final backup.
2026-09-11 15:24:26,481 [INFO] [OK] Backup Saved (closing_exit): d:\Jamal_POS  cofusz hone se pehly\daily_backups\excel_backups\excel_closing_exit_2026-09-11_03-24-PM.xlsx
2026-09-11 15:24:41,483 [INFO] [*] Software closing... Saving final backup.
2026-09-11 15:24:41,656 [INFO] [OK] Backup Saved (closing_exit): d:\Jamal_POS  cofusz hone se pehly\daily_backups\excel_backups\excel_closing_exit_2026-09-11_03-24-PM.xlsx
2026-09-11 15:25:22,382 [INFO] [*] Software closing... Saving final backup.
2026-09-11 15:25:22,476 [INFO] [OK] Backup Saved (closing_exit): d:\Jamal_POS  cofusz hone se pehly\daily_backups\excel_backups\excel_closing_exit_2026-09-11_03-25-PM.xlsx
2026-09-11 15:25:35,638 [INFO] [*] Software closing... Saving final backup.
2026-09-11 15:25:35,824 [INFO] [OK] Backup Saved (closing_exit): d:\Jamal_POS  cofusz hone se pehly\daily_backups\excel_backups\excel_closing_exit_2026-09-11_03-25-PM.xlsx
2026-09-11 15:25:57,533 [INFO] [*] Software closing... Saving final backup.
2026-09-11 15:25:57,612 [INFO] [OK] Backup Saved (closing_exit): d:\Jamal_POS  cofusz hone se pehly\daily_backups\excel_backups\excel_closing_exit_2026-09-11_03-25-PM.xlsx
2026-09-11 15:31:20,619 [INFO] [*] Software closing... Saving final backup.
2026-09-11 15:31:20,715 [INFO] [OK] Backup Saved (closing_exit): d:\Jamal_POS  cofusz hone se pehly\daily_backups\excel_backups\excel_closing_exit_2026-09-11_03-31-PM.xlsx
2026-09-11 15:31:33,650 [INFO] [*] Software closing... Saving final backup.
2026-09-11 15:31:33,721 [INFO] [OK] Backup Saved (closing_exit): d:\Jamal_POS  cofusz hone se pehly\daily_backups\excel_backups\excel_closing_exit_2026-09-11_03-31-PM.xlsx
2026-09-11 15:37:46,060 [INFO] [*] Software closing... Saving final backup.
2026-09-11 15:37:46,138 [INFO] [OK] Backup Saved (closing_exit): d:\Jamal_POS  cofusz hone se pehly\daily_backups\excel_backups\excel_closing_exit_2026-09-11_03-37-PM.xlsx
2026-09-11 15:38:55,341 [INFO] [*] Software closing... Saving final backup.
2026-09-11 15:38:55,427 [INFO] [OK] Backup Saved (closing_exit): d:\Jamal_POS  cofusz hone se pehly\daily_backups\excel_backups\excel_closing_exit_2026-09-11_03-38-PM.xlsx
2026-09-11 15:40:20,782 [INFO] [*] Software closing... Saving final backup.
2026-09-11 15:40:20,853 [INFO] [OK] Backup Saved (closing_exit): d:\Jamal_POS  cofusz hone se pehly\daily_backups\excel_backups\excel_closing_exit_2026-09-11_03-40-PM.xlsx
2026-09-11 15:40:29,091 [INFO] [*] Software closing... Saving final backup.
2026-09-11 15:40:29,168 [INFO] [OK] Backup Saved (closing_exit): d:\Jamal_POS  cofusz hone se pehly\daily_backups\excel_backups\excel_closing_exit_2026-09-11_03-40-PM.xlsx
2026-09-11 15:40:43,812 [INFO] [*] Software closing... Saving final backup.
2026-09-11 15:40:43,892 [INFO] [OK] Backup Saved (closing_exit): d:\Jamal_POS  cofusz hone se pehly\daily_backups\excel_backups\excel_closing_exit_2026-09-11_03-40-PM.xlsx
2026-09-11 16:23:45,548 [INFO] [*] Software closing... Saving final backup.
2026-09-11 16:23:45,656 [INFO] [OK] Backup Saved (closing_exit): d:\Jamal_POS  cofusz hone se pehly\daily_backups\excel_backups\excel_closing_exit_2026-09-11_04-23-PM.xlsx
2026-09-11 16:44:30,225 [INFO] [*] Software closing... Saving final backup.
2026-09-11 16:44:30,335 [INFO] [OK] Backup Saved (closing_exit): d:\Jamal_POS  cofusz hone se pehly\daily_backups\excel_backups\excel_closing_exit_2026-09-11_04-44-PM.xlsx
2026-09-11 16:44:44,912 [INFO] [*] Software closing... Saving final backup.
2026-09-11 16:44:44,997 [INFO] [OK] Backup Saved (closing_exit): d:\Jamal_POS  cofusz hone se pehly\daily_backups\excel_backups\excel_closing_exit_2026-09-11_04-44-PM.xlsx
2026-09-11 17:59:33,964 [INFO] [*] Software closing... Saving final backup.
2026-09-11 17:59:34,075 [INFO] [OK] Backup Saved (closing_exit): D:\Jamal_POS  cofusz hone se pehly\daily_backups\excel_backups\excel_closing_exit_2026-09-11_05-59-PM.xlsx
2026-09-11 20:14:28,516 [INFO] [OK] Backup Saved (test_clean): D:\Jamal_POS  cofusz hone se pehly\daily_backups\excel_backups\excel_test_clean_2026-09-11_08-14-PM.xlsx
2026-09-11 20:15:17,440 [INFO] [*] Software closing... Saving final backup.
2026-09-11 20:15:17,658 [INFO] [OK] Backup Saved (closing_exit): D:\Jamal_POS  cofusz hone se pehly\daily_backups\excel_backups\excel_closing_exit_2026-09-11_08-15-PM.xlsx
2026-09-12 16:25:57,130 [INFO] [*] Software closing... Saving final backup.
2026-09-12 16:25:57,269 [INFO] [OK] Backup Saved (closing_exit): D:\Jamal_POS  cofusz hone se pehly\daily_backups\excel_backups\excel_closing_exit_2026-09-12_04-25-PM.xlsx
2026-09-12 16:30:04,024 [INFO] [*] Software closing... Saving final backup.
2026-09-12 16:30:04,117 [INFO] [OK] Backup Saved (closing_exit): D:\Jamal_POS  cofusz hone se pehly\daily_backups\excel_backups\excel_closing_exit_2026-09-12_04-30-PM.xlsx
2026-09-12 16:30:32,809 [INFO] [*] Software closing... Saving final backup.
2026-09-12 16:30:32,938 [INFO] [OK] Backup Saved (closing_exit): D:\Jamal_POS  cofusz hone se pehly\daily_backups\excel_backups\excel_closing_exit_2026-09-12_04-30-PM.xlsx
2026-09-12 16:35:15,086 [INFO] [*] Software closing... Saving final backup.
2026-09-12 16:35:15,189 [INFO] [OK] Backup Saved (closing_exit): D:\Jamal_POS  cofusz hone se pehly\daily_backups\excel_backups\excel_closing_exit_2026-09-12_04-35-PM.xlsx
2026-09-12 16:35:39,940 [INFO] [*] Software closing... Saving final backup.
2026-09-12 16:35:40,119 [INFO] [OK] Backup Saved (closing_exit): D:\Jamal_POS  cofusz hone se pehly\daily_backups\excel_backups\excel_closing_exit_2026-09-12_04-35-PM.xlsx
2026-09-12 16:39:09,355 [INFO] [*] Software closing... Saving final backup.
2026-09-12 16:39:09,459 [INFO] [OK] Backup Saved (closing_exit): D:\Jamal_POS  cofusz hone se pehly\daily_backups\excel_backups\excel_closing_exit_2026-09-12_04-39-PM.xlsx
2026-09-12 16:42:21,041 [INFO] [*] Software closing... Saving final backup.
2026-09-12 16:42:21,145 [INFO] [OK] Backup Saved (closing_exit): D:\Jamal_POS  cofusz hone se pehly\daily_backups\excel_backups\excel_closing_exit_2026-09-12_04-42-PM.xlsx
2026-09-12 16:43:25,772 [INFO] [*] Software closing... Saving final backup.
2026-09-12 16:43:25,872 [INFO] [OK] Backup Saved (closing_exit): D:\Jamal_POS  cofusz hone se pehly\daily_backups\excel_backups\excel_closing_exit_2026-09-12_04-43-PM.xlsx
2026-09-12 16:47:19,395 [INFO] [*] Software closing... Saving final backup.
2026-09-12 16:47:19,624 [INFO] [OK] Backup Saved (closing_exit): D:\Jamal_POS  cofusz hone se pehly\daily_backups\excel_backups\excel_closing_exit_2026-09-12_04-47-PM.xlsx
2026-09-12 16:48:29,491 [INFO] [*] Software closing... Saving final backup.
2026-09-12 16:48:29,589 [INFO] [OK] Backup Saved (closing_exit): D:\Jamal_POS  cofusz hone se pehly\daily_backups\excel_backups\excel_closing_exit_2026-09-12_04-48-PM.xlsx
2026-09-12 16:50:04,135 [INFO] [*] Software closing... Saving final backup.
2026-09-12 16:50:04,238 [INFO] [OK] Backup Saved (closing_exit): D:\Jamal_POS  cofusz hone se pehly\daily_backups\excel_backups\excel_closing_exit_2026-09-12_04-50-PM.xlsx
2026-09-16 18:57:23,386 [INFO] [*] Software closing... Saving final backup.
2026-09-16 18:57:23,525 [INFO] [OK] Backup Saved (closing_exit): D:\Jamal_POS  cofusz hone se pehly\daily_backups\excel_backups\excel_closing_exit_2026-09-16_06-57-PM.xlsx
2026-09-16 18:57:47,115 [INFO] [*] Software closing... Saving final backup.
2026-09-16 18:57:47,224 [INFO] [OK] Backup Saved (closing_exit): D:\Jamal_POS  cofusz hone se pehly\daily_backups\excel_backups\excel_closing_exit_2026-09-16_06-57-PM.xlsx
2026-09-22 19:28:51,888 [INFO] [*] Software closing... Saving final backup.
2026-09-22 19:28:51,997 [INFO] Cleaned old backup file (>10 days): backup_closing_exit_2026-09-12_04-25-PM.db
2026-09-22 19:28:51,999 [INFO] Cleaned old backup file (>10 days): backup_closing_exit_2026-09-12_04-30-PM.db
2026-09-22 19:28:52,000 [INFO] Cleaned old backup file (>10 days): backup_closing_exit_2026-09-12_04-35-PM.db
2026-09-22 19:28:52,001 [INFO] Cleaned old backup file (>10 days): backup_closing_exit_2026-09-12_04-39-PM.db
2026-09-22 19:28:52,002 [INFO] Cleaned old backup file (>10 days): backup_closing_exit_2026-09-12_04-42-PM.db
2026-09-22 19:28:52,002 [INFO] Cleaned old backup file (>10 days): backup_closing_exit_2026-09-12_04-43-PM.db
2026-09-22 19:28:52,002 [INFO] Cleaned old backup file (>10 days): backup_closing_exit_2026-09-12_04-47-PM.db
2026-09-22 19:28:52,002 [INFO] Cleaned old backup file (>10 days): backup_closing_exit_2026-09-12_04-48-PM.db
2026-09-22 19:28:52,007 [INFO] Cleaned old backup file (>10 days): backup_closing_exit_2026-09-12_04-50-PM.db
2026-09-22 19:28:52,008 [INFO] Cleaned old backup file (>10 days): excel_closing_exit_2026-09-12_04-25-PM.xlsx
2026-09-22 19:28:52,008 [INFO] Cleaned old backup file (>10 days): excel_closing_exit_2026-09-12_04-30-PM.xlsx
2026-09-22 19:28:52,009 [INFO] Cleaned old backup file (>10 days): excel_closing_exit_2026-09-12_04-35-PM.xlsx
2026-09-22 19:28:52,010 [INFO] Cleaned old backup file (>10 days): excel_closing_exit_2026-09-12_04-39-PM.xlsx
2026-09-22 19:28:52,011 [INFO] Cleaned old backup file (>10 days): excel_closing_exit_2026-09-12_04-42-PM.xlsx
2026-09-22 19:28:52,012 [INFO] Cleaned old backup file (>10 days): excel_closing_exit_2026-09-12_04-43-PM.xlsx
2026-09-22 19:28:52,013 [INFO] Cleaned old backup file (>10 days): excel_closing_exit_2026-09-12_04-47-PM.xlsx
2026-09-22 19:28:52,013 [INFO] Cleaned old backup file (>10 days): excel_closing_exit_2026-09-12_04-48-PM.xlsx
2026-09-22 19:28:52,013 [INFO] Cleaned old backup file (>10 days): excel_closing_exit_2026-09-12_04-50-PM.xlsx
2026-09-22 19:28:52,016 [INFO] [OK] Backup Saved (closing_exit): D:\jamal offical POS\daily_backups\excel_backups\excel_closing_exit_2026-09-22_07-28-PM.xlsx
2026-09-29 19:28:26,534 [INFO] [*] Software closing... Saving final backup.
2026-09-29 19:28:26,644 [INFO] Cleaned old backup file (>10 days): backup_closing_exit_2026-09-16_06-57-PM.db
2026-09-29 19:28:26,645 [INFO] Cleaned old backup file (>10 days): backup_closing_exit_2026-09-22_07-28-PM.db
2026-09-29 19:28:26,646 [INFO] Cleaned old backup file (>10 days): excel_closing_exit_2026-09-16_06-57-PM.xlsx
2026-09-29 19:28:26,653 [INFO] [OK] Backup Saved (closing_exit): D:\jamal offical POS\daily_backups\excel_backups\excel_closing_exit_2026-09-29_07-28-PM.xlsx
2026-09-29 20:55:15,557 [INFO] [*] Software closing... Saving final backup.
2026-09-29 20:55:15,726 [INFO] [OK] Backup Saved (closing_exit): D:\jamal offical POS\daily_backups\excel_backups\excel_closing_exit_2026-09-29_08-55-PM.xlsx
2026-09-30 13:20:38,836 [INFO] [*] Software closing... Saving final backup.
2026-09-30 13:20:38,942 [INFO] [OK] Backup Saved (closing_exit): d:\jamal offical POS\daily_backups\excel_backups\excel_closing_exit_2026-09-30_01-20-PM.xlsx
2026-09-30 13:23:48,100 [INFO] [*] Software closing... Saving final backup.
2026-09-30 13:23:48,315 [INFO] [OK] Backup Saved (closing_exit): d:\jamal offical POS\daily_backups\excel_backups\excel_closing_exit_2026-09-30_01-23-PM.xlsx
2026-09-30 13:24:08,580 [INFO] [*] Software closing... Saving final backup.
2026-09-30 13:24:08,672 [INFO] [OK] Backup Saved (closing_exit): d:\jamal offical POS\daily_backups\excel_backups\excel_closing_exit_2026-09-30_01-24-PM.xlsx
2026-09-30 13:25:30,367 [INFO] [*] Software closing... Saving final backup.
2026-09-30 13:25:30,454 [INFO] [OK] Backup Saved (closing_exit): d:\jamal offical POS\daily_backups\excel_backups\excel_closing_exit_2026-09-30_01-25-PM.xlsx
2026-09-30 13:37:13,903 [INFO] [*] Software closing... Saving final backup.
2026-09-30 13:37:14,041 [INFO] [OK] Backup Saved (closing_exit): d:\jamal offical POS\daily_backups\excel_backups\excel_closing_exit_2026-09-30_01-37-PM.xlsx
2026-09-30 15:18:33,833 [INFO] [*] Software closing... Saving final backup.
2026-09-30 15:18:34,136 [INFO] [OK] Backup Saved (closing_exit): d:\jamal offical POS\daily_backups\excel_backups\excel_closing_exit_2026-09-30_03-18-PM.xlsx
2026-10-01 11:30:10,174 [INFO] [*] Software closing... Saving final backup.
2026-10-01 11:30:10,332 [INFO] [OK] Backup Saved (closing_exit): D:\jamal offical POS\daily_backups\excel_backups\excel_closing_exit_2026-10-01_11-30-AM.xlsx
2026-10-01 18:00:50,243 [INFO] [*] Software closing... Saving final backup.
2026-10-01 18:00:50,371 [INFO] [OK] Backup Saved (closing_exit): D:\jamal offical POS\daily_backups\excel_backups\excel_closing_exit_2026-10-01_06-00-PM.xlsx
2026-10-01 18:01:34,674 [INFO] [*] Software closing... Saving final backup.
2026-10-01 18:01:34,794 [INFO] [OK] Backup Saved (closing_exit): D:\jamal offical POS\daily_backups\excel_backups\excel_closing_exit_2026-10-01_06-01-PM.xlsx
2026-10-01 18:55:20,024 [INFO] [*] Software closing... Saving final backup.
2026-10-01 18:55:20,144 [INFO] [OK] Backup Saved (closing_exit): D:\jamal offical POS\daily_backups\excel_backups\excel_closing_exit_2026-10-01_06-55-PM.xlsx
2026-10-01 19:00:20,449 [INFO] [*] Software closing... Saving final backup.
2026-10-01 19:00:20,585 [INFO] [OK] Backup Saved (closing_exit): D:\jamal offical POS\daily_backups\excel_backups\excel_closing_exit_2026-10-01_07-00-PM.xlsx
2026-10-01 19:01:11,011 [INFO] [*] Software closing... Saving final backup.
2026-10-01 19:01:11,132 [INFO] [OK] Backup Saved (closing_exit): D:\jamal offical POS\daily_backups\excel_backups\excel_closing_exit_2026-10-01_07-01-PM.xlsx
2026-10-01 19:17:00,415 [INFO] [*] Software closing... Saving final backup.
2026-10-01 19:17:00,654 [INFO] [OK] Backup Saved (closing_exit): D:\jamal offical POS\daily_backups\excel_backups\excel_closing_exit_2026-10-01_07-17-PM.xlsx
2026-10-01 19:21:37,973 [INFO] [*] Software closing... Saving final backup.
2026-10-01 19:21:38,191 [INFO] [OK] Backup Saved (closing_exit): D:\jamal offical POS\daily_backups\excel_backups\excel_closing_exit_2026-10-01_07-21-PM.xlsx
2026-10-01 20:49:46,320 [INFO] [*] Software closing... Saving final backup.
2026-10-01 20:49:46,446 [INFO] [OK] Backup Saved (closing_exit): D:\banqo Qabil project\daily_backups\excel_backups\excel_closing_exit_2026-10-01_08-49-PM.xlsx
2026-10-01 20:50:02,902 [INFO] [*] Software closing... Saving final backup.
2026-10-01 20:50:03,047 [INFO] [OK] Backup Saved (closing_exit): D:\banqo Qabil project\daily_backups\excel_backups\excel_closing_exit_2026-10-01_08-50-PM.xlsx
2026-10-01 20:50:19,939 [INFO] [*] Software closing... Saving final backup.
2026-10-01 20:50:20,012 [INFO] [OK] Backup Saved (closing_exit): D:\banqo Qabil project\daily_backups\excel_backups\excel_closing_exit_2026-10-01_08-50-PM.xlsx
2026-10-01 20:50:32,324 [INFO] [*] Software closing... Saving final backup.
2026-10-01 20:50:32,398 [INFO] [OK] Backup Saved (closing_exit): D:\banqo Qabil project\daily_backups\excel_backups\excel_closing_exit_2026-10-01_08-50-PM.xlsx
2026-10-01 20:50:44,095 [INFO] [*] Software closing... Saving final backup.
2026-10-01 20:50:44,169 [INFO] [OK] Backup Saved (closing_exit): D:\banqo Qabil project\daily_backups\excel_backups\excel_closing_exit_2026-10-01_08-50-PM.xlsx
